// Jest Snapshot v1, https://goo.gl/fbAQLP

exports[`Prueba <GifGridItem /> debe de mostrar <GifGridItem /> correctamente 1`] = `
<div
  className="card animate__fadeIn_10s"
>
  <img
    alt="Un título"
    src="https://localhost/algo.jpg"
  />
  <p>
    Un título
  </p>
</div>
`;
